[
    {
        "id": 1,
        "firstName": "Test",
        "lastName": "User"
    },
    {
        "id": 2,
        "firstName": "Test",
        "lastName": "User"
    }
]